<testsuites id="" name="" tests="1" failures="1" skipped="0" errors="0" time="40.37697200000001">
<testsuite name="addToCartScenario.spec.ts" timestamp="2025-08-20T11:44:05.248Z" hostname="chromium" tests="1" failures="1" skipped="0" time="32.431" errors="0">
<testcase name="Add to Cart Scenario with Customisation" classname="addToCartScenario.spec.ts" time="32.431">
<failure message="addToCartScenario.spec.ts:5:5 Add to Cart Scenario with Customisation" type="FAILURE">
<![CDATA[  [chromium] › addToCartScenario.spec.ts:5:5 › Add to Cart Scenario with Customisation @addToCart ──

    Test timeout of 30000ms exceeded.

    Error: page.waitForTimeout: Target page, context or browser has been closed

       at ../page/ShoppingCartPage.ts:39

      37 |     async removeProductFromCart(productName: string) {  
      38 |         await this.removeProductButton.click();
    > 39 |         await this.page.waitForTimeout(1000); // Wait for the product to be removed
         |                         ^
      40 |     }
      41 |
      42 |     async getCompleteItemName() {  
        at ShoppingCartPage.removeProductFromCart (/Users/francis/testAuto/page/ShoppingCartPage.ts:39:25)
        at /Users/francis/testAuto/tests/addToCartScenario.spec.ts:22:3

    attachment #1: screenshot (image/png) ──────────────────────────────────────────────────────────
    ../test-results/addToCartScenario-Add-to-Cart-Scenario-with-Customisation-chromium/test-failed-1.png
    ────────────────────────────────────────────────────────────────────────────────────────────────

    attachment #2: video (video/webm) ──────────────────────────────────────────────────────────────
    ../test-results/addToCartScenario-Add-to-Cart-Scenario-with-Customisation-chromium/video-1.webm
    ────────────────────────────────────────────────────────────────────────────────────────────────

    attachment #3: video (video/webm) ──────────────────────────────────────────────────────────────
    ../test-results/addToCartScenario-Add-to-Cart-Scenario-with-Customisation-chromium/video.webm
    ────────────────────────────────────────────────────────────────────────────────────────────────

    attachment #4: screenshot (image/png) ──────────────────────────────────────────────────────────
    ../test-results/addToCartScenario-Add-to-Cart-Scenario-with-Customisation-chromium/test-failed-2.png
    ────────────────────────────────────────────────────────────────────────────────────────────────

    Error Context: ../test-results/addToCartScenario-Add-to-Cart-Scenario-with-Customisation-chromium/error-context.md

    attachment #6: trace (application/zip) ─────────────────────────────────────────────────────────
    ../test-results/addToCartScenario-Add-to-Cart-Scenario-with-Customisation-chromium/trace.zip
    Usage:

        npx playwright show-trace ../test-results/addToCartScenario-Add-to-Cart-Scenario-with-Customisation-chromium/trace.zip

    ────────────────────────────────────────────────────────────────────────────────────────────────
]]>
</failure>
<system-out>
<![CDATA[Locator:  locator('//span[contains(@class,"totalAmountCard_total-value")]//child::span[contains(text(),"$")]')
Expected Text:  $799

[[ATTACHMENT|test-results/addToCartScenario-Add-to-Cart-Scenario-with-Customisation-chromium/test-failed-1.png]]

[[ATTACHMENT|test-results/addToCartScenario-Add-to-Cart-Scenario-with-Customisation-chromium/video-1.webm]]

[[ATTACHMENT|test-results/addToCartScenario-Add-to-Cart-Scenario-with-Customisation-chromium/video.webm]]

[[ATTACHMENT|test-results/addToCartScenario-Add-to-Cart-Scenario-with-Customisation-chromium/test-failed-2.png]]

[[ATTACHMENT|test-results/addToCartScenario-Add-to-Cart-Scenario-with-Customisation-chromium/error-context.md]]

[[ATTACHMENT|test-results/addToCartScenario-Add-to-Cart-Scenario-with-Customisation-chromium/trace.zip]]
]]>
</system-out>
</testcase>
</testsuite>
</testsuites>